// Vitest Snapshot v1, https://vitest.dev/guide/snapshot.html

exports[`ImageResponse (png) 1`] = `
ImageResponse {
  Symbol(realm): {
    "settingsObject": {},
  },
  Symbol(state): {
    "aborted": false,
    "body": {
      "length": null,
      "source": null,
      "stream": ReadableStream {
        Symbol(kType): "ReadableStream",
        Symbol(kState): {
          "controller": ReadableStreamDefaultController {
            Symbol(kType): "ReadableStreamDefaultController",
            Symbol(kState): {
              "cancelAlgorithm": [Function],
              "closeRequested": false,
              "highWaterMark": 1,
              "pullAgain": false,
              "pullAlgorithm": [Function],
              "pulling": false,
              "queue": [],
              "queueTotalSize": 0,
              "sizeAlgorithm": [Function],
              "started": false,
              "stream": [Circular],
            },
          },
          "disturbed": false,
          "reader": undefined,
          "state": "readable",
          "storedError": undefined,
          "transfer": {
            "port1": undefined,
            "port2": undefined,
            "promise": undefined,
            "writable": undefined,
          },
        },
        Symbol(nodejs.webstream.isClosedPromise): {
          "promise": Promise {},
          "reject": [Function],
          "resolve": [Function],
        },
        Symbol(nodejs.webstream.controllerErrorFunction): [Function],
      },
    },
    "cacheState": "",
    "headersList": HeadersList {
      "cookies": null,
      Symbol(headers map): Map {
        "content-type" => {
          "name": "Content-Type",
          "value": "image/svg+xml",
        },
        "cache-control" => {
          "name": "Cache-Control",
          "value": "public, immutable, no-transform, max-age=31536000",
        },
      },
      Symbol(headers map sorted): null,
    },
    "rangeRequested": false,
    "requestIncludesCredentials": false,
    "status": 200,
    "statusText": "",
    "timingAllowPassed": false,
    "timingInfo": null,
    "type": "default",
    "urlList": [],
  },
  Symbol(headers): Headers {
    Symbol(guard): "response",
    Symbol(headers list): HeadersList {
      "cookies": null,
      Symbol(headers map): Map {
        "content-type" => {
          "name": "Content-Type",
          "value": "image/svg+xml",
        },
        "cache-control" => {
          "name": "Cache-Control",
          "value": "public, immutable, no-transform, max-age=31536000",
        },
      },
      Symbol(headers map sorted): null,
    },
    Symbol(realm): {
      "settingsObject": {},
    },
  },
}
`;

exports[`ImageResponse (png) 2`] = `
Uint8Array [
  60,
  115,
  118,
  103,
  32,
  119,
  105,
  100,
  116,
  104,
  61,
  34,
  49,
  50,
  48,
  48,
  34,
  32,
  104,
  101,
  105,
  103,
  104,
  116,
  61,
  34,
  54,
  51,
  48,
  34,
  32,
  118,
  105,
  101,
  119,
  66,
  111,
  120,
  61,
  34,
  48,
  32,
  48,
  32,
  49,
  50,
  48,
  48,
  32,
  54,
  51,
  48,
  34,
  32,
  120,
  109,
  108,
  110,
  115,
  61,
  34,
  104,
  116,
  116,
  112,
  58,
  47,
  47,
  119,
  119,
  119,
  46,
  119,
  51,
  46,
  111,
  114,
  103,
  47,
  50,
  48,
  48,
  48,
  47,
  115,
  118,
  103,
  34,
  62,
  60,
  109,
  97,
  115,
  107,
  32,
  105,
  100,
  61,
  34,
  115,
  97,
  116,
  111,
  114,
  105,
  95,
  111,
  109,
  45,
  105,
  100,
  34,
  62,
  60,
  114,
  101,
  99,
  116,
  32,
  120,
  61,
  34,
  48,
  34,
  32,
  121,
  61,
  34,
  48,
  34,
  32,
  119,
  105,
  100,
  116,
  104,
  61,
  34,
  53,
  48,
  48,
  34,
  32,
  104,
  101,
  105,
  103,
  104,
  116,
  61,
  34,
  53,
  48,
  48,
  34,
  32,
  102,
  105,
  108,
  108,
  61,
  34,
  35,
  102,
  102,
  102,
  34,
  47,
  62,
  60,
  47,
  109,
  97,
  115,
  107,
  62,
  60,
  114,
  101,
  99,
  116,
  32,
  120,
  61,
  34,
  48,
  34,
  32,
  121,
  61,
  34,
  48,
  34,
  32,
  119,
  105,
  100,
  116,
  104,
  61,
  34,
  53,
  48,
  48,
  34,
  32,
  104,
  101,
  105,
  103,
  104,
  116,
  61,
  34,
  53,
  48,
  48,
  34,
  32,
  102,
  105,
  108,
  108,
  61,
  34,
  114,
  101,
  100,
  34,
  47,
  62,
  60,
  112,
  97,
  116,
  104,
  32,
  102,
  105,
  108,
  108,
  61,
  34,
  98,
  108,
  97,
  99,
  107,
  34,
  32,
  100,
  61,
  34,
  77,
  52,
  46,
  57,
  32,
  49,
  56,
  46,
  56,
  76,
  49,
  49,
  46,
  56,
  32,
  49,
  56,
  46,
  56,
  76,
  49,
  49,
  46,
  56,
  32,
  51,
  48,
  46,
  51,
  81,
  49,
  49,
  46,
  56,
  32,
  51,
  50,
  46,
  49,
  32,
  49,
  49,
  46,
  55,
  32,
  51,
  51,
  46,
  56,
  81,
  49,
  49,
  46,
  54,
  32,
  51,
  53,
  46,
  53,
  32,
  49,
  49,
  46,
  53,
  32,
  51,
  54,
  46,
  52,
  76,
  49,
  49,
  46,
  53,
  32,
  51,
  54,
  46,
  52,
  76,
  49,
  49,
  46,
  57,
  32,
  51,
  54,
  46,
  52,
  81,
  49,
  50,
  46,
  57,
  32,
  51,
  52,
  46,
  55,
  32,
  49,
  52,
  46,
  52,
  32,
  51,
  51,
  46,
  54,
  81,
  49,
  53,
  46,
  57,
  32,
  51,
  50,
  46,
  53,
  32,
  49,
  55,
  46,
  55,
  32,
  51,
  50,
  46,
  48,
  81,
  49,
  57,
  46,
  54,
  32,
  51,
  49,
  46,
  52,
  32,
  50,
  49,
  46,
  55,
  32,
  51,
  49,
  46,
  52,
  76,
  50,
  49,
  46,
  55,
  32,
  51,
  49,
  46,
  52,
  81,
  50,
  53,
  46,
  52,
  32,
  51,
  49,
  46,
  52,
  32,
  50,
  56,
  46,
  48,
  32,
  51,
  50,
  46,
  54,
  81,
  51,
  48,
  46,
  54,
  32,
  51,
  51,
  46,
  57,
  32,
  51,
  50,
  46,
  48,
  32,
  51,
  54,
  46,
  53,
  81,
  51,
  51,
  46,
  52,
  32,
  51,
  57,
  46,
  49,
  32,
  51,
  51,
  46,
  52,
  32,
  52,
  51,
  46,
  51,
  76,
  51,
  51,
  46,
  52,
  32,
  52,
  51,
  46,
  51,
  76,
  51,
  51,
  46,
  52,
  32,
  54,
  52,
  46,
  52,
  76,
  50,
  54,
  46,
  53,
  32,
  54,
  52,
  46,
  52,
  76,
  50,
  54,
  46,
  53,
  32,
  52,
  52,
  46,
  54,
  81,
  50,
  54,
  46,
  53,
  32,
  52,
  48,
  46,
  56,
  32,
  50,
  53,
  46,
  48,
  32,
  51,
  56,
  46,
  57,
  81,
  50,
  51,
  46,
  52,
  32,
  51,
  55,
  46,
  48,
  32,
  50,
  48,
  46,
  50,
  32,
  51,
  55,
  46,
  48,
  76,
  50,
  48,
  46,
  50,
  32,
  51,
  55,
  46,
  48,
  81,
  49,
  55,
  46,
  49,
  32,
  51,
  55,
  46,
  48,
  32,
  49,
  53,
  46,
  50,
  32,
  51,
  56,
  46,
  51,
  81,
  49,
  51,
  46,
  52,
  32,
  51,
  57,
  46,
  54,
  32,
  49,
  50,
  46,
  54,
  32,
  52,
  50,
  46,
  49,
  81,
  49,
  49,
  46,
  56,
  32,
  52,
  52,
  46,
  55,
  32,
  49,
  49,
  46,
  56,
  32,
  52,
  56,
  46,
  51,
  76,
  49,
  49,
  46,
  56,
  32,
  52,
  56,
  46,
  51,
  76,
  49,
  49,
  46,
  56,
  32,
  54,
  52,
  46,
  52,
  76,
  52,
  46,
  57,
  32,
  54,
  52,
  46,
  52,
  76,
  52,
  46,
  57,
  32,
  49,
  56,
  46,
  56,
  90,
  77,
  53,
  54,
  46,
  48,
  32,
  51,
  49,
  46,
  52,
  76,
  53,
  54,
  46,
  48,
  32,
  51,
  49,
  46,
  52,
  81,
  54,
  48,
  46,
  51,
  32,
  51,
  49,
  46,
  52,
  32,
  54,
  51,
  46,
  52,
  32,
  51,
  51,
  46,
  50,
  81,
  54,
  54,
  46,
  53,
  32,
  51,
  52,
  46,
  57,
  32,
  54,
  56,
  46,
  50,
  32,
  51,
  56,
  46,
  50,
  81,
  54,
  57,
  46,
  56,
  32,
  52,
  49,
  46,
  53,
  32,
  54,
  57,
  46,
  56,
  32,
  52,
  54,
  46,
  49,
  76,
  54,
  57,
  46,
  56,
  32,
  52,
  54,
  46,
  49,
  76,
  54,
  57,
  46,
  56,
  32,
  52,
  57,
  46,
  56,
  76,
  52,
  56,
  46,
  50,
  32,
  52,
  57,
  46,
  56,
  81,
  52,
  56,
  46,
  51,
  32,
  53,
  52,
  46,
  53,
  32,
  53,
  48,
  46,
  55,
  32,
  53,
  55,
  46,
  48,
  81,
  53,
  51,
  46,
  49,
  32,
  53,
  57,
  46,
  54,
  32,
  53,
  55,
  46,
  53,
  32,
  53,
  57,
  46,
  54,
  76,
  53,
  55,
  46,
  53,
  32,
  53,
  57,
  46,
  54,
  81,
  54,
  48,
  46,
  54,
  32,
  53,
  57,
  46,
  54,
  32,
  54,
  51,
  46,
  49,
  32,
  53,
  57,
  46,
  48,
  81,
  54,
  53,
  46,
  54,
  32,
  53,
  56,
  46,
  52,
  32,
  54,
  56,
  46,
  50,
  32,
  53,
  55,
  46,
  50,
  76,
  54,
  56,
  46,
  50,
  32,
  53,
  55,
  46,
  50,
  76,
  54,
  56,
  46,
  50,
  32,
  54,
  50,
  46,
  56,
  81,
  54,
  53,
  46,
  56,
  32,
  54,
  51,
  46,
  57,
  32,
  54,
  51,
  46,
  51,
  32,
  54,
  52,
  46,
  53,
  81,
  54,
  48,
  46,
  55,
  32,
  54,
  53,
  46,
  48,
  32,
  53,
  55,
  46,
  50,
  32,
  54,
  53,
  46,
  48,
  76,
  53,
  55,
  46,
  50,
  32,
  54,
  53,
  46,
  48,
  81,
  53,
  50,
  46,
  52,
  32,
  54,
  53,
  46,
  48,
  32,
  52,
  56,
  46,
  56,
  32,
  54,
  51,
  46,
  49,
  81,
  52,
  53,
  46,
  50,
  32,
  54,
  49,
  46,
  51,
  32,
  52,
  51,
  46,
  50,
  32,
  53,
  55,
  46,
  54,
  81,
  52,
  49,
  46,
  49,
  32,
  53,
  51,
  46,
  57,
  32,
  52,
  49,
  46,
  49,
  32,
  52,
  56,
  46,
  52,
  76,
  52,
  49,
  46,
  49,
  32,
  52,
  56,
  46,
  52,
  81,
  52,
  49,
  46,
  49,
  32,
  52,
  51,
  46,
  48,
  32,
  52,
  51,
  46,
  48,
  32,
  51,
  57,
  46,
  50,
  81,
  52,
  52,
  46,
  56,
  32,
  51,
  53,
  46,
  52,
  32,
  52,
  56,
  46,
  50,
  32,
  51,
  51,
  46,
  52,
  81,
  53,
  49,
  46,
  53,
  32,
  51,
  49,
  46,
  52,
  32,
  53,
  54,
  46,
  48,
  32,
  51,
  49,
  46,
  52,
  90,
  77,
  53,
  54,
  46,
  48,
  32,
  51,
  54,
  46,
  54,
  76,
  53,
  54,
  46,
  48,
  32,
  51,
  54,
  46,
  54,
  81,
  53,
  50,
  46,
  55,
  32,
  51,
  54,
  46,
  54,
  32,
  53,
  48,
  46,
  55,
  32,
  51,
  56,
  46,
  55,
  81,
  52,
  56,
  46,
  55,
  32,
  52,
  48,
  46,
  56,
  32,
  52,
  56,
  46,
  51,
  32,
  52,
  52,
  46,
  56,
  76,
  52,
  56,
  46,
  51,
  32,
  52,
  52,
  46,
  56,
  76,
  54,
  51,
  46,
  49,
  32,
  52,
  52,
  46,
  56,
  81,
  54,
  51,
  46,
  49,
  32,
  52,
  50,
  46,
  52,
  32,
  54,
  50,
  46,
  51,
  32,
  52,
  48,
  46,
  53,
  81,
  54,
  49,
  46,
  53,
  32,
  51,
  56,
  46,
  55,
  32,
  54,
  48,
  46,
  48,
  32,
  51,
  55,
  46,
  54,
  81,
  53,
  56,
  46,
  52,
  32,
  51,
  54,
  46,
  54,
  32,
  53,
  54,
  46,
  48,
  32,
  51,
  54,
  46,
  54,
  90,
  77,
  56,
  52,
  46,
  53,
  32,
  49,
  56,
  46,
  56,
  76,
  56,
  52,
  46,
  53,
  32,
  54,
  52,
  46,
  52,
  76,
  55,
  55,
  46,
  54,
  32,
  54,
  52,
  46,
  52,
  76,
  55,
  55,
  46,
  54,
  32,
  49,
  56,
  46,
  56,
  76,
  56,
  52,
  46,
  53,
  32,
  49,
  56,
  46,
  56,
  90,
  77,
  49,
  48,
  49,
  46,
  51,
  32,
  49,
  56,
  46,
  56,
  76,
  49,
  48,
  49,
  46,
  51,
  32,
  54,
  52,
  46,
  52,
  76,
  57,
  52,
  46,
  51,
  32,
  54,
  52,
  46,
  52,
  76,
  57,
  52,
  46,
  51,
  32,
  49,
  56,
  46,
  56,
  76,
  49,
  48,
  49,
  46,
  51,
  32,
  49,
  56,
  46,
  56,
  90,
  77,
  49,
  51,
  57,
  46,
  56,
  32,
  52,
  56,
  46,
  49,
  76,
  49,
  51,
  57,
  46,
  56,
  32,
  52,
  56,
  46,
  49,
  81,
  49,
  51,
  57,
  46,
  56,
  32,
  53,
  50,
  46,
  50,
  32,
  49,
  51,
  56,
  46,
  55,
  32,
  53,
  53,
  46,
  51,
  81,
  49,
  51,
  55,
  46,
  55,
  32,
  53,
  56,
  46,
  52,
  32,
  49,
  51,
  53,
  46,
  54,
  32,
  54,
  48,
  46,
  54,
  81,
  49,
  51,
  51,
  46,
  54,
  32,
  54,
  50,
  46,
  55,
  32,
  49,
  51,
  48,
  46,
  56,
  32,
  54,
  51,
  46,
  57,
  81,
  49,
  50,
  55,
  46,
  57,
  32,
  54,
  53,
  46,
  48,
  32,
  49,
  50,
  52,
  46,
  52,
  32,
  54,
  53,
  46,
  48,
  76,
  49,
  50,
  52,
  46,
  52,
  32,
  54,
  53,
  46,
  48,
  81,
  49,
  50,
  49,
  46,
  48,
  32,
  54,
  53,
  46,
  48,
  32,
  49,
  49,
  56,
  46,
  50,
  32,
  54,
  51,
  46,
  57,
  81,
  49,
  49,
  53,
  46,
  53,
  32,
  54,
  50,
  46,
  55,
  32,
  49,
  49,
  51,
  46,
  52,
  32,
  54,
  48,
  46,
  54,
  81,
  49,
  49,
  49,
  46,
  52,
  32,
  53,
  56,
  46,
  52,
  32,
  49,
  49,
  48,
  46,
  51,
  32,
  53,
  53,
  46,
  51,
  81,
  49,
  48,
  57,
  46,
  50,
  32,
  53,
  50,
  46,
  50,
  32,
  49,
  48,
  57,
  46,
  50,
  32,
  52,
  56,
  46,
  49,
  76,
  49,
  48,
  57,
  46,
  50,
  32,
  52,
  56,
  46,
  49,
  81,
  49,
  48,
  57,
  46,
  50,
  32,
  52,
  50,
  46,
  56,
  32,
  49,
  49,
  49,
  46,
  48,
  32,
  51,
  57,
  46,
  48,
  81,
  49,
  49,
  50,
  46,
  57,
  32,
  51,
  53,
  46,
  51,
  32,
  49,
  49,
  54,
  46,
  51,
  32,
  51,
  51,
  46,
  51,
  81,
  49,
  49,
  57,
  46,
  56,
  32,
  51,
  49,
  46,
  52,
  32,
  49,
  50,
  52,
  46,
  54,
  32,
  51,
  49,
  46,
  52,
  76,
  49,
  50,
  52,
  46,
  54,
  32,
  51,
  49,
  46,
  52,
  81,
  49,
  50,
  57,
  46,
  49,
  32,
  51,
  49,
  46,
  52,
  32,
  49,
  51,
  50,
  46,
  53,
  32,
  51,
  51,
  46,
  51,
  81,
  49,
  51,
  53,
  46,
  57,
  32,
  51,
  53,
  46,
  51,
  32,
  49,
  51,
  55,
  46,
  56,
  32,
  51,
  57,
  46,
  48,
  81,
  49,
  51,
  57,
  46,
  56,
  32,
  52,
  50,
  46,
  56,
  32,
  49,
  51,
  57,
  46,
  56,
  32,
  52,
  56,
  46,
  49,
  90,
  77,
  49,
  49,
  54,
  46,
  51,
  32,
  52,
  56,
  46,
  49,
  76,
  49,
  49,
  54,
  46,
  51,
  32,
  52,
  56,
  46,
  49,
  81,
  49,
  49,
  54,
  46,
  51,
  32,
  53,
  49,
  46,
  55,
  32,
  49,
  49,
  55,
  46,
  49,
  32,
  53,
  52,
  46,
  50,
  81,
  49,
  49,
  56,
  46,
  48,
  32,
  53,
  54,
  46,
  55,
  32,
  49,
  49,
  57,
  46,
  56,
  32,
  53,
  56,
  46,
  48,
  81,
  49,
  50,
  49,
  46,
  54,
  32,
  53,
  57,
  46,
  52,
  32,
  49,
  50,
  52,
  46,
  53,
  32,
  53,
  57,
  46,
  52,
  76,
  49,
  50,
  52,
  46,
  53,
  32,
  53,
  57,
  46,
  52,
  81,
  49,
  50,
  55,
  46,
  52,
  32,
  53,
  57,
  46,
  52,
  32,
  49,
  50,
  57,
  46,
  50,
  32,
  53,
  56,
  46,
  48,
  81,
  49,
  51,
  49,
  46,
  48,
  32,
  53,
  54,
  46,
  55,
  32,
  49,
  51,
  49,
  46,
  56,
  32,
  53,
  52,
  46,
  50,
  81,
  49,
  51,
  50,
  46,
  55,
  32,
  53,
  49,
  46,
  55,
  32,
  49,
  51,
  50,
  46,
  55,
  32,
  52,
  56,
  46,
  49,
  76,
  49,
  51,
  50,
  46,
  55,
  32,
  52,
  56,
  46,
  49,
  81,
  49,
  51,
  50,
  46,
  55,
  32,
  52,
  52,
  46,
  54,
  32,
  49,
  51,
  49,
  46,
  56,
  32,
  52,
  50,
  46,
  49,
  81,
  49,
  51,
  49,
  46,
  48,
  32,
  51,
  57,
  46,
  54,
  32,
  49,
  50,
  57,
  46,
  50,
  32,
  51,
  56,
  46,
  51,
  81,
  49,
  50,
  55,
  46,
  52,
  32,
  51,
  55,
  46,
  48,
  32,
  49,
  50,
  52,
  46,
  53,
  32,
  51,
  55,
  46,
  48,
  76,
  49,
  50,
  52,
  46,
  53,
  32,
  51,
  55,
  46,
  48,
  81,
  49,
  50,
  48,
  46,
  50,
  32,
  51,
  55,
  46,
  48,
  32,
  49,
  49,
  56,
  46,
  50,
  32,
  51,
  57,
  46,
  57,
  81,
  49,
  49,
  54,
  46,
  51,
  32,
  52,
  50,
  46,
  56,
  32,
  49,
  49,
  54,
  46,
  51,
  32,
  52,
  56,
  46,
  49,
  90,
  32,
  34,
  47,
  62,
  60,
  47,
  115,
  118,
  103,
  62,
]
`;

exports[`ImageResponse (svg) 1`] = `
ImageResponse {
  Symbol(realm): {
    "settingsObject": {},
  },
  Symbol(state): {
    "aborted": false,
    "body": {
      "length": null,
      "source": null,
      "stream": ReadableStream {
        Symbol(kType): "ReadableStream",
        Symbol(kState): {
          "controller": ReadableStreamDefaultController {
            Symbol(kType): "ReadableStreamDefaultController",
            Symbol(kState): {
              "cancelAlgorithm": [Function],
              "closeRequested": false,
              "highWaterMark": 1,
              "pullAgain": false,
              "pullAlgorithm": [Function],
              "pulling": false,
              "queue": [],
              "queueTotalSize": 0,
              "sizeAlgorithm": [Function],
              "started": false,
              "stream": [Circular],
            },
          },
          "disturbed": false,
          "reader": undefined,
          "state": "readable",
          "storedError": undefined,
          "transfer": {
            "port1": undefined,
            "port2": undefined,
            "promise": undefined,
            "writable": undefined,
          },
        },
        Symbol(nodejs.webstream.isClosedPromise): {
          "promise": Promise {},
          "reject": [Function],
          "resolve": [Function],
        },
        Symbol(nodejs.webstream.controllerErrorFunction): [Function],
      },
    },
    "cacheState": "",
    "headersList": HeadersList {
      "cookies": null,
      Symbol(headers map): Map {
        "content-type" => {
          "name": "Content-Type",
          "value": "image/svg+xml",
        },
        "cache-control" => {
          "name": "Cache-Control",
          "value": "public, immutable, no-transform, max-age=31536000",
        },
      },
      Symbol(headers map sorted): null,
    },
    "rangeRequested": false,
    "requestIncludesCredentials": false,
    "status": 200,
    "statusText": "",
    "timingAllowPassed": false,
    "timingInfo": null,
    "type": "default",
    "urlList": [],
  },
  Symbol(headers): Headers {
    Symbol(guard): "response",
    Symbol(headers list): HeadersList {
      "cookies": null,
      Symbol(headers map): Map {
        "content-type" => {
          "name": "Content-Type",
          "value": "image/svg+xml",
        },
        "cache-control" => {
          "name": "Cache-Control",
          "value": "public, immutable, no-transform, max-age=31536000",
        },
      },
      Symbol(headers map sorted): null,
    },
    Symbol(realm): {
      "settingsObject": {},
    },
  },
}
`;

exports[`ImageResponse (svg) 2`] = `
Uint8Array [
  60,
  115,
  118,
  103,
  32,
  119,
  105,
  100,
  116,
  104,
  61,
  34,
  49,
  50,
  48,
  48,
  34,
  32,
  104,
  101,
  105,
  103,
  104,
  116,
  61,
  34,
  54,
  51,
  48,
  34,
  32,
  118,
  105,
  101,
  119,
  66,
  111,
  120,
  61,
  34,
  48,
  32,
  48,
  32,
  49,
  50,
  48,
  48,
  32,
  54,
  51,
  48,
  34,
  32,
  120,
  109,
  108,
  110,
  115,
  61,
  34,
  104,
  116,
  116,
  112,
  58,
  47,
  47,
  119,
  119,
  119,
  46,
  119,
  51,
  46,
  111,
  114,
  103,
  47,
  50,
  48,
  48,
  48,
  47,
  115,
  118,
  103,
  34,
  62,
  60,
  109,
  97,
  115,
  107,
  32,
  105,
  100,
  61,
  34,
  115,
  97,
  116,
  111,
  114,
  105,
  95,
  111,
  109,
  45,
  105,
  100,
  34,
  62,
  60,
  114,
  101,
  99,
  116,
  32,
  120,
  61,
  34,
  48,
  34,
  32,
  121,
  61,
  34,
  48,
  34,
  32,
  119,
  105,
  100,
  116,
  104,
  61,
  34,
  53,
  48,
  48,
  34,
  32,
  104,
  101,
  105,
  103,
  104,
  116,
  61,
  34,
  53,
  48,
  48,
  34,
  32,
  102,
  105,
  108,
  108,
  61,
  34,
  35,
  102,
  102,
  102,
  34,
  47,
  62,
  60,
  47,
  109,
  97,
  115,
  107,
  62,
  60,
  114,
  101,
  99,
  116,
  32,
  120,
  61,
  34,
  48,
  34,
  32,
  121,
  61,
  34,
  48,
  34,
  32,
  119,
  105,
  100,
  116,
  104,
  61,
  34,
  53,
  48,
  48,
  34,
  32,
  104,
  101,
  105,
  103,
  104,
  116,
  61,
  34,
  53,
  48,
  48,
  34,
  32,
  102,
  105,
  108,
  108,
  61,
  34,
  114,
  101,
  100,
  34,
  47,
  62,
  60,
  112,
  97,
  116,
  104,
  32,
  102,
  105,
  108,
  108,
  61,
  34,
  98,
  108,
  97,
  99,
  107,
  34,
  32,
  100,
  61,
  34,
  77,
  52,
  46,
  57,
  32,
  49,
  56,
  46,
  56,
  76,
  49,
  49,
  46,
  56,
  32,
  49,
  56,
  46,
  56,
  76,
  49,
  49,
  46,
  56,
  32,
  51,
  48,
  46,
  51,
  81,
  49,
  49,
  46,
  56,
  32,
  51,
  50,
  46,
  49,
  32,
  49,
  49,
  46,
  55,
  32,
  51,
  51,
  46,
  56,
  81,
  49,
  49,
  46,
  54,
  32,
  51,
  53,
  46,
  53,
  32,
  49,
  49,
  46,
  53,
  32,
  51,
  54,
  46,
  52,
  76,
  49,
  49,
  46,
  53,
  32,
  51,
  54,
  46,
  52,
  76,
  49,
  49,
  46,
  57,
  32,
  51,
  54,
  46,
  52,
  81,
  49,
  50,
  46,
  57,
  32,
  51,
  52,
  46,
  55,
  32,
  49,
  52,
  46,
  52,
  32,
  51,
  51,
  46,
  54,
  81,
  49,
  53,
  46,
  57,
  32,
  51,
  50,
  46,
  53,
  32,
  49,
  55,
  46,
  55,
  32,
  51,
  50,
  46,
  48,
  81,
  49,
  57,
  46,
  54,
  32,
  51,
  49,
  46,
  52,
  32,
  50,
  49,
  46,
  55,
  32,
  51,
  49,
  46,
  52,
  76,
  50,
  49,
  46,
  55,
  32,
  51,
  49,
  46,
  52,
  81,
  50,
  53,
  46,
  52,
  32,
  51,
  49,
  46,
  52,
  32,
  50,
  56,
  46,
  48,
  32,
  51,
  50,
  46,
  54,
  81,
  51,
  48,
  46,
  54,
  32,
  51,
  51,
  46,
  57,
  32,
  51,
  50,
  46,
  48,
  32,
  51,
  54,
  46,
  53,
  81,
  51,
  51,
  46,
  52,
  32,
  51,
  57,
  46,
  49,
  32,
  51,
  51,
  46,
  52,
  32,
  52,
  51,
  46,
  51,
  76,
  51,
  51,
  46,
  52,
  32,
  52,
  51,
  46,
  51,
  76,
  51,
  51,
  46,
  52,
  32,
  54,
  52,
  46,
  52,
  76,
  50,
  54,
  46,
  53,
  32,
  54,
  52,
  46,
  52,
  76,
  50,
  54,
  46,
  53,
  32,
  52,
  52,
  46,
  54,
  81,
  50,
  54,
  46,
  53,
  32,
  52,
  48,
  46,
  56,
  32,
  50,
  53,
  46,
  48,
  32,
  51,
  56,
  46,
  57,
  81,
  50,
  51,
  46,
  52,
  32,
  51,
  55,
  46,
  48,
  32,
  50,
  48,
  46,
  50,
  32,
  51,
  55,
  46,
  48,
  76,
  50,
  48,
  46,
  50,
  32,
  51,
  55,
  46,
  48,
  81,
  49,
  55,
  46,
  49,
  32,
  51,
  55,
  46,
  48,
  32,
  49,
  53,
  46,
  50,
  32,
  51,
  56,
  46,
  51,
  81,
  49,
  51,
  46,
  52,
  32,
  51,
  57,
  46,
  54,
  32,
  49,
  50,
  46,
  54,
  32,
  52,
  50,
  46,
  49,
  81,
  49,
  49,
  46,
  56,
  32,
  52,
  52,
  46,
  55,
  32,
  49,
  49,
  46,
  56,
  32,
  52,
  56,
  46,
  51,
  76,
  49,
  49,
  46,
  56,
  32,
  52,
  56,
  46,
  51,
  76,
  49,
  49,
  46,
  56,
  32,
  54,
  52,
  46,
  52,
  76,
  52,
  46,
  57,
  32,
  54,
  52,
  46,
  52,
  76,
  52,
  46,
  57,
  32,
  49,
  56,
  46,
  56,
  90,
  77,
  53,
  54,
  46,
  48,
  32,
  51,
  49,
  46,
  52,
  76,
  53,
  54,
  46,
  48,
  32,
  51,
  49,
  46,
  52,
  81,
  54,
  48,
  46,
  51,
  32,
  51,
  49,
  46,
  52,
  32,
  54,
  51,
  46,
  52,
  32,
  51,
  51,
  46,
  50,
  81,
  54,
  54,
  46,
  53,
  32,
  51,
  52,
  46,
  57,
  32,
  54,
  56,
  46,
  50,
  32,
  51,
  56,
  46,
  50,
  81,
  54,
  57,
  46,
  56,
  32,
  52,
  49,
  46,
  53,
  32,
  54,
  57,
  46,
  56,
  32,
  52,
  54,
  46,
  49,
  76,
  54,
  57,
  46,
  56,
  32,
  52,
  54,
  46,
  49,
  76,
  54,
  57,
  46,
  56,
  32,
  52,
  57,
  46,
  56,
  76,
  52,
  56,
  46,
  50,
  32,
  52,
  57,
  46,
  56,
  81,
  52,
  56,
  46,
  51,
  32,
  53,
  52,
  46,
  53,
  32,
  53,
  48,
  46,
  55,
  32,
  53,
  55,
  46,
  48,
  81,
  53,
  51,
  46,
  49,
  32,
  53,
  57,
  46,
  54,
  32,
  53,
  55,
  46,
  53,
  32,
  53,
  57,
  46,
  54,
  76,
  53,
  55,
  46,
  53,
  32,
  53,
  57,
  46,
  54,
  81,
  54,
  48,
  46,
  54,
  32,
  53,
  57,
  46,
  54,
  32,
  54,
  51,
  46,
  49,
  32,
  53,
  57,
  46,
  48,
  81,
  54,
  53,
  46,
  54,
  32,
  53,
  56,
  46,
  52,
  32,
  54,
  56,
  46,
  50,
  32,
  53,
  55,
  46,
  50,
  76,
  54,
  56,
  46,
  50,
  32,
  53,
  55,
  46,
  50,
  76,
  54,
  56,
  46,
  50,
  32,
  54,
  50,
  46,
  56,
  81,
  54,
  53,
  46,
  56,
  32,
  54,
  51,
  46,
  57,
  32,
  54,
  51,
  46,
  51,
  32,
  54,
  52,
  46,
  53,
  81,
  54,
  48,
  46,
  55,
  32,
  54,
  53,
  46,
  48,
  32,
  53,
  55,
  46,
  50,
  32,
  54,
  53,
  46,
  48,
  76,
  53,
  55,
  46,
  50,
  32,
  54,
  53,
  46,
  48,
  81,
  53,
  50,
  46,
  52,
  32,
  54,
  53,
  46,
  48,
  32,
  52,
  56,
  46,
  56,
  32,
  54,
  51,
  46,
  49,
  81,
  52,
  53,
  46,
  50,
  32,
  54,
  49,
  46,
  51,
  32,
  52,
  51,
  46,
  50,
  32,
  53,
  55,
  46,
  54,
  81,
  52,
  49,
  46,
  49,
  32,
  53,
  51,
  46,
  57,
  32,
  52,
  49,
  46,
  49,
  32,
  52,
  56,
  46,
  52,
  76,
  52,
  49,
  46,
  49,
  32,
  52,
  56,
  46,
  52,
  81,
  52,
  49,
  46,
  49,
  32,
  52,
  51,
  46,
  48,
  32,
  52,
  51,
  46,
  48,
  32,
  51,
  57,
  46,
  50,
  81,
  52,
  52,
  46,
  56,
  32,
  51,
  53,
  46,
  52,
  32,
  52,
  56,
  46,
  50,
  32,
  51,
  51,
  46,
  52,
  81,
  53,
  49,
  46,
  53,
  32,
  51,
  49,
  46,
  52,
  32,
  53,
  54,
  46,
  48,
  32,
  51,
  49,
  46,
  52,
  90,
  77,
  53,
  54,
  46,
  48,
  32,
  51,
  54,
  46,
  54,
  76,
  53,
  54,
  46,
  48,
  32,
  51,
  54,
  46,
  54,
  81,
  53,
  50,
  46,
  55,
  32,
  51,
  54,
  46,
  54,
  32,
  53,
  48,
  46,
  55,
  32,
  51,
  56,
  46,
  55,
  81,
  52,
  56,
  46,
  55,
  32,
  52,
  48,
  46,
  56,
  32,
  52,
  56,
  46,
  51,
  32,
  52,
  52,
  46,
  56,
  76,
  52,
  56,
  46,
  51,
  32,
  52,
  52,
  46,
  56,
  76,
  54,
  51,
  46,
  49,
  32,
  52,
  52,
  46,
  56,
  81,
  54,
  51,
  46,
  49,
  32,
  52,
  50,
  46,
  52,
  32,
  54,
  50,
  46,
  51,
  32,
  52,
  48,
  46,
  53,
  81,
  54,
  49,
  46,
  53,
  32,
  51,
  56,
  46,
  55,
  32,
  54,
  48,
  46,
  48,
  32,
  51,
  55,
  46,
  54,
  81,
  53,
  56,
  46,
  52,
  32,
  51,
  54,
  46,
  54,
  32,
  53,
  54,
  46,
  48,
  32,
  51,
  54,
  46,
  54,
  90,
  77,
  56,
  52,
  46,
  53,
  32,
  49,
  56,
  46,
  56,
  76,
  56,
  52,
  46,
  53,
  32,
  54,
  52,
  46,
  52,
  76,
  55,
  55,
  46,
  54,
  32,
  54,
  52,
  46,
  52,
  76,
  55,
  55,
  46,
  54,
  32,
  49,
  56,
  46,
  56,
  76,
  56,
  52,
  46,
  53,
  32,
  49,
  56,
  46,
  56,
  90,
  77,
  49,
  48,
  49,
  46,
  51,
  32,
  49,
  56,
  46,
  56,
  76,
  49,
  48,
  49,
  46,
  51,
  32,
  54,
  52,
  46,
  52,
  76,
  57,
  52,
  46,
  51,
  32,
  54,
  52,
  46,
  52,
  76,
  57,
  52,
  46,
  51,
  32,
  49,
  56,
  46,
  56,
  76,
  49,
  48,
  49,
  46,
  51,
  32,
  49,
  56,
  46,
  56,
  90,
  77,
  49,
  51,
  57,
  46,
  56,
  32,
  52,
  56,
  46,
  49,
  76,
  49,
  51,
  57,
  46,
  56,
  32,
  52,
  56,
  46,
  49,
  81,
  49,
  51,
  57,
  46,
  56,
  32,
  53,
  50,
  46,
  50,
  32,
  49,
  51,
  56,
  46,
  55,
  32,
  53,
  53,
  46,
  51,
  81,
  49,
  51,
  55,
  46,
  55,
  32,
  53,
  56,
  46,
  52,
  32,
  49,
  51,
  53,
  46,
  54,
  32,
  54,
  48,
  46,
  54,
  81,
  49,
  51,
  51,
  46,
  54,
  32,
  54,
  50,
  46,
  55,
  32,
  49,
  51,
  48,
  46,
  56,
  32,
  54,
  51,
  46,
  57,
  81,
  49,
  50,
  55,
  46,
  57,
  32,
  54,
  53,
  46,
  48,
  32,
  49,
  50,
  52,
  46,
  52,
  32,
  54,
  53,
  46,
  48,
  76,
  49,
  50,
  52,
  46,
  52,
  32,
  54,
  53,
  46,
  48,
  81,
  49,
  50,
  49,
  46,
  48,
  32,
  54,
  53,
  46,
  48,
  32,
  49,
  49,
  56,
  46,
  50,
  32,
  54,
  51,
  46,
  57,
  81,
  49,
  49,
  53,
  46,
  53,
  32,
  54,
  50,
  46,
  55,
  32,
  49,
  49,
  51,
  46,
  52,
  32,
  54,
  48,
  46,
  54,
  81,
  49,
  49,
  49,
  46,
  52,
  32,
  53,
  56,
  46,
  52,
  32,
  49,
  49,
  48,
  46,
  51,
  32,
  53,
  53,
  46,
  51,
  81,
  49,
  48,
  57,
  46,
  50,
  32,
  53,
  50,
  46,
  50,
  32,
  49,
  48,
  57,
  46,
  50,
  32,
  52,
  56,
  46,
  49,
  76,
  49,
  48,
  57,
  46,
  50,
  32,
  52,
  56,
  46,
  49,
  81,
  49,
  48,
  57,
  46,
  50,
  32,
  52,
  50,
  46,
  56,
  32,
  49,
  49,
  49,
  46,
  48,
  32,
  51,
  57,
  46,
  48,
  81,
  49,
  49,
  50,
  46,
  57,
  32,
  51,
  53,
  46,
  51,
  32,
  49,
  49,
  54,
  46,
  51,
  32,
  51,
  51,
  46,
  51,
  81,
  49,
  49,
  57,
  46,
  56,
  32,
  51,
  49,
  46,
  52,
  32,
  49,
  50,
  52,
  46,
  54,
  32,
  51,
  49,
  46,
  52,
  76,
  49,
  50,
  52,
  46,
  54,
  32,
  51,
  49,
  46,
  52,
  81,
  49,
  50,
  57,
  46,
  49,
  32,
  51,
  49,
  46,
  52,
  32,
  49,
  51,
  50,
  46,
  53,
  32,
  51,
  51,
  46,
  51,
  81,
  49,
  51,
  53,
  46,
  57,
  32,
  51,
  53,
  46,
  51,
  32,
  49,
  51,
  55,
  46,
  56,
  32,
  51,
  57,
  46,
  48,
  81,
  49,
  51,
  57,
  46,
  56,
  32,
  52,
  50,
  46,
  56,
  32,
  49,
  51,
  57,
  46,
  56,
  32,
  52,
  56,
  46,
  49,
  90,
  77,
  49,
  49,
  54,
  46,
  51,
  32,
  52,
  56,
  46,
  49,
  76,
  49,
  49,
  54,
  46,
  51,
  32,
  52,
  56,
  46,
  49,
  81,
  49,
  49,
  54,
  46,
  51,
  32,
  53,
  49,
  46,
  55,
  32,
  49,
  49,
  55,
  46,
  49,
  32,
  53,
  52,
  46,
  50,
  81,
  49,
  49,
  56,
  46,
  48,
  32,
  53,
  54,
  46,
  55,
  32,
  49,
  49,
  57,
  46,
  56,
  32,
  53,
  56,
  46,
  48,
  81,
  49,
  50,
  49,
  46,
  54,
  32,
  53,
  57,
  46,
  52,
  32,
  49,
  50,
  52,
  46,
  53,
  32,
  53,
  57,
  46,
  52,
  76,
  49,
  50,
  52,
  46,
  53,
  32,
  53,
  57,
  46,
  52,
  81,
  49,
  50,
  55,
  46,
  52,
  32,
  53,
  57,
  46,
  52,
  32,
  49,
  50,
  57,
  46,
  50,
  32,
  53,
  56,
  46,
  48,
  81,
  49,
  51,
  49,
  46,
  48,
  32,
  53,
  54,
  46,
  55,
  32,
  49,
  51,
  49,
  46,
  56,
  32,
  53,
  52,
  46,
  50,
  81,
  49,
  51,
  50,
  46,
  55,
  32,
  53,
  49,
  46,
  55,
  32,
  49,
  51,
  50,
  46,
  55,
  32,
  52,
  56,
  46,
  49,
  76,
  49,
  51,
  50,
  46,
  55,
  32,
  52,
  56,
  46,
  49,
  81,
  49,
  51,
  50,
  46,
  55,
  32,
  52,
  52,
  46,
  54,
  32,
  49,
  51,
  49,
  46,
  56,
  32,
  52,
  50,
  46,
  49,
  81,
  49,
  51,
  49,
  46,
  48,
  32,
  51,
  57,
  46,
  54,
  32,
  49,
  50,
  57,
  46,
  50,
  32,
  51,
  56,
  46,
  51,
  81,
  49,
  50,
  55,
  46,
  52,
  32,
  51,
  55,
  46,
  48,
  32,
  49,
  50,
  52,
  46,
  53,
  32,
  51,
  55,
  46,
  48,
  76,
  49,
  50,
  52,
  46,
  53,
  32,
  51,
  55,
  46,
  48,
  81,
  49,
  50,
  48,
  46,
  50,
  32,
  51,
  55,
  46,
  48,
  32,
  49,
  49,
  56,
  46,
  50,
  32,
  51,
  57,
  46,
  57,
  81,
  49,
  49,
  54,
  46,
  51,
  32,
  52,
  50,
  46,
  56,
  32,
  49,
  49,
  54,
  46,
  51,
  32,
  52,
  56,
  46,
  49,
  90,
  32,
  34,
  47,
  62,
  60,
  47,
  115,
  118,
  103,
  62,
]
`;
